hello from worker
process.pid from worker: [WILDCARD]
