[WILDCARD]error: Uncaught URIError: relative URL without a base
[WILDCARD]
