[WILDCARD]error: Uncaught (in promise) PermissionDenied: read access to "[WILDCARD]001_hello.js", run again with the --allow-read flag
[WILDCARD]
