DANGER: TLS ceritificate validation is disabled for all hostnames
Hello
