[WILDCARD]
test result: ok. 5 passed; [WILDCARD]

