error: Uncaught TypeError: network access to "http://localhost:4545/tests/subdir/mod4.js", run again with the --allow-net flag
