[WILDCARD]
error: Uncaught TypeError: read access to "[WILDCARD]passwd", run again with the --allow-read flag
