Unstable API '--import-map'. The --unstable flag must be provided.
