error: Unexpected token Some(RBrace) at [WILDCARD]syntax_error.ts:4:0
