[WILDCARD]
DEBUG TS - "host.getSourceFile(\"file:///[WILDCARD]cli/tests/subdir/type_reference.d.ts\", Latest)"
[WILDCARD]