[WILDCARD]
running 14 benches from [WILDCARD]
bench read false ... 1000 iterations [WILDCARD] ns/iter ([WILDCARD]..[WILDCARD] ns/iter) ok [WILDCARD]
bench read true ... 1000 iterations [WILDCARD] ns/iter ([WILDCARD]..[WILDCARD] ns/iter) ok [WILDCARD]
bench write false ... 1000 iterations [WILDCARD] ns/iter ([WILDCARD]..[WILDCARD] ns/iter) ok [WILDCARD]
bench write true ... 1000 iterations [WILDCARD] ns/iter ([WILDCARD]..[WILDCARD] ns/iter) ok [WILDCARD]
bench net false ... 1000 iterations [WILDCARD] ns/iter ([WILDCARD]..[WILDCARD] ns/iter) ok [WILDCARD]
bench net true ... 1000 iterations [WILDCARD] ns/iter ([WILDCARD]..[WILDCARD] ns/iter) ok [WILDCARD]
bench env false ... 1000 iterations [WILDCARD] ns/iter ([WILDCARD]..[WILDCARD] ns/iter) ok [WILDCARD]
bench env true ... 1000 iterations [WILDCARD] ns/iter ([WILDCARD]..[WILDCARD] ns/iter) ok [WILDCARD]
bench run false ... 1000 iterations [WILDCARD] ns/iter ([WILDCARD]..[WILDCARD] ns/iter) ok [WILDCARD]
bench run true ... 1000 iterations [WILDCARD] ns/iter ([WILDCARD]..[WILDCARD] ns/iter) ok [WILDCARD]
bench ffi false ... 1000 iterations [WILDCARD] ns/iter ([WILDCARD]..[WILDCARD] ns/iter) ok [WILDCARD]
bench ffi true ... 1000 iterations [WILDCARD] ns/iter ([WILDCARD]..[WILDCARD] ns/iter) ok [WILDCARD]
bench hrtime false ... 1000 iterations [WILDCARD] ns/iter ([WILDCARD]..[WILDCARD] ns/iter) ok [WILDCARD]
bench hrtime true ... 1000 iterations [WILDCARD] ns/iter ([WILDCARD]..[WILDCARD] ns/iter) ok [WILDCARD]

bench result: ok. 14 passed; 0 failed; 0 ignored; 0 measured; 0 filtered out [WILDCARD]
