[WILDCARD]
running 7 tests from [WILDCARD]
read ... FAILED [WILDCARD]
write ... FAILED [WILDCARD]
net ... FAILED [WILDCARD]
env ... FAILED [WILDCARD]
run ... FAILED [WILDCARD]
ffi ... FAILED [WILDCARD]
hrtime ... FAILED [WILDCARD]

failures:

./test/allow_none.ts > read
PermissionDenied: Can't escalate parent thread permissions
[WILDCARD]

./test/allow_none.ts > write
PermissionDenied: Can't escalate parent thread permissions
[WILDCARD]

./test/allow_none.ts > net
PermissionDenied: Can't escalate parent thread permissions
[WILDCARD]

./test/allow_none.ts > env
PermissionDenied: Can't escalate parent thread permissions
[WILDCARD]

./test/allow_none.ts > run
PermissionDenied: Can't escalate parent thread permissions
[WILDCARD]

./test/allow_none.ts > ffi
PermissionDenied: Can't escalate parent thread permissions
[WILDCARD]

./test/allow_none.ts > hrtime
PermissionDenied: Can't escalate parent thread permissions
[WILDCARD]

failures:

	./test/allow_none.ts
	read
	write
	net
	env
	run
	ffi
	hrtime

test result: FAILED. 0 passed; 7 failed; 0 ignored; 0 measured; 0 filtered out [WILDCARD]
