Check [WILDCARD]/test/clear_timeout.ts
running 3 tests from test/clear_timeout.ts
test 1 ... ok ([WILDCARD])
test 2 ... ok ([WILDCARD])
test 3 ... ok ([WILDCARD])

test result: ok. 3 passed; 0 failed; 0 ignored; 0 measured; 0 filtered out ([WILDCARD])

