running 1 test from ./test/no_prompt_by_default.ts
no prompt ... FAILED ([WILDCARD]ms)

failures:

no prompt => ./test/no_prompt_by_default.ts:[WILDCARD]
error: PermissionDenied: Requires read access to "./some_file.txt", run again with the --allow-read flag
[WILDCARD]

failures:

no prompt => ./test/no_prompt_by_default.ts:[WILDCARD]

test result: FAILED. 0 passed; 1 failed; 0 ignored; 0 measured; 0 filtered out ([WILDCARD]ms)

error: Test failed
