running 0 tests from ./test/text.md

ok | 0 passed | 0 failed ([WILDCARD])

