DEBUG RS - deno::args::config_file:529 - Config file found at '[WILDCARD]deno.jsonc'
[WILDCARD]
ok
