TypeError: Cannot load module "file:///[WILDCARD]/testdata/compat/foobar.js".
ERR_MODULE_NOT_FOUND
