[WILDCARD][Class: Location]
Location {}
undefined
/bar
[WILDCARD]
