error: Cannot load module "file:///[WILDCARD]/nonexistent/jsx-runtime".
    at file:///[WILDCARD]/deno-jsx-error.jsonc:1:1
