[WILDCARD]
error: Found 6 not formatted files in [WILDCARD] files
