[WILDCARD]
running 1 test from ./test/steps/output_within.ts
description ...
------- output -------
1
----- output end -----
  step 1 ...
------- output -------
2
----- output end -----
    inner 1 ...
------- output -------
3
----- output end -----
    ok ([WILDCARD]ms)
    inner 2 ...
------- output -------
4
----- output end -----
    ok ([WILDCARD]ms)

------- output -------
5
----- output end -----
  ok ([WILDCARD]ms)

------- output -------
6
----- output end -----
ok ([WILDCARD]ms)
[WILDCARD]
