DANGER: TLS certificate validation is disabled for: localhost
200
