const mod = function() {
    const a = "a";
    const a1 = a;
    return {
        a: a
    };
}();
const a = mod;
export { mod as a };
